// Jest Snapshot v1, https://goo.gl/fbAQLP

exports[`Alert should match snapshot 1`] = `
<div
  className="alert undefined "
>
  <div
    dangerouslySetInnerHTML={
      Object {
        "__html": "",
      }
    }
  />
</div>
`;
